// Jest Snapshot v1, https://goo.gl/fbAQLP

exports[`TopAppbar renders correctly 1`] = `
<div>
  <nav
    class="mb-2 sticky-top navbar navbar-dark bg-primary"
  >
    <div
      class="container svelte-10nhwqv"
    >
      <a
        class="navbar-brand"
        href="/"
      >
        <img
          alt="Sally Brand"
          class="d-inline-block align-middle svelte-10nhwqv"
        />
        
      Sally
      </a>
    </div>
  </nav>
</div>
`;
